<?xml version="1.0" encoding="UTF-8"?>
<testsuites name="jest tests" tests="1" failures="0" errors="0" time="2.311">
  <testsuite name="Organisation Tree Mapper" errors="0" failures="0" skipped="0" timestamp="2024-03-10T13:31:11" time="2.156" tests="1">
    <testcase classname="Organisation Tree Mapper should root web part element exists" name="Organisation Tree Mapper should root web part element exists" time="0.002">
    </testcase>
  </testsuite>
</testsuites>